// Jest Snapshot v1, https://goo.gl/fbAQLP

exports[`Images component renders empty without props 1`] = `null`;

exports[`Images component renders the images given props 1`] = `
Array [
  <div
    className="fadein"
    key="0"
  >
    <div
      className="delete"
      onClick={[Function]}
    >
      <FontAwesomeIcon
        border={false}
        className=""
        fixedWidth={false}
        flip={null}
        icon={
          Object {
            "icon": Array [
              512,
              512,
              Array [],
              "f057",
              "M256 8C119 8 8 119 8 256s111 248 248 248 248-111 248-248S393 8 256 8zm121.6 313.1c4.7 4.7 4.7 12.3 0 17L338 377.6c-4.7 4.7-12.3 4.7-17 0L256 312l-65.1 65.6c-4.7 4.7-12.3 4.7-17 0L134.4 338c-4.7-4.7-4.7-12.3 0-17l65.6-65-65.6-65.1c-4.7-4.7-4.7-12.3 0-17l39.6-39.6c4.7-4.7 12.3-4.7 17 0l65 65.7 65.1-65.6c4.7-4.7 12.3-4.7 17 0l39.6 39.6c4.7 4.7 4.7 12.3 0 17L312 256l65.6 65.1z",
            ],
            "iconName": "times-circle",
            "prefix": "fas",
          }
        }
        inverse={false}
        listItem={false}
        mask={null}
        pull={null}
        pulse={false}
        rotation={null}
        size="2x"
        spin={false}
        symbol={false}
        title=""
        transform={null}
      />
    </div>
    <img
      alt={1}
      className="uploaded-images"
      src="https://lh3.googleusercontent.com/ir83SjI1lJpHK4E5vQFwD7LfyE__eKaIvBtmFf1nV5wyfq-z5LVe4u7PuQvQ7ycqsFlGMe5vw3UNRB86G3SjLckIZKHgFSkz0-oQdLAAP2UxlUwq-HqDA116RjcI3iG-lA1ftsYr9S4=w2400"
    />
    <div
      className="Caption"
    >
      <textarea
        className="caption-text"
        id="caption"
        name="caption"
        onChange={[Function]}
        placeholder="Add a caption"
        value="Atlas Pizza's 'Jalapeno Popper' pie"
      />
    </div>
  </div>,
  <div
    className="fadein"
    key="1"
  >
    <div
      className="delete"
      onClick={[Function]}
    >
      <FontAwesomeIcon
        border={false}
        className=""
        fixedWidth={false}
        flip={null}
        icon={
          Object {
            "icon": Array [
              512,
              512,
              Array [],
              "f057",
              "M256 8C119 8 8 119 8 256s111 248 248 248 248-111 248-248S393 8 256 8zm121.6 313.1c4.7 4.7 4.7 12.3 0 17L338 377.6c-4.7 4.7-12.3 4.7-17 0L256 312l-65.1 65.6c-4.7 4.7-12.3 4.7-17 0L134.4 338c-4.7-4.7-4.7-12.3 0-17l65.6-65-65.6-65.1c-4.7-4.7-4.7-12.3 0-17l39.6-39.6c4.7-4.7 12.3-4.7 17 0l65 65.7 65.1-65.6c4.7-4.7 12.3-4.7 17 0l39.6 39.6c4.7 4.7 4.7 12.3 0 17L312 256l65.6 65.1z",
            ],
            "iconName": "times-circle",
            "prefix": "fas",
          }
        }
        inverse={false}
        listItem={false}
        mask={null}
        pull={null}
        pulse={false}
        rotation={null}
        size="2x"
        spin={false}
        symbol={false}
        title=""
        transform={null}
      />
    </div>
    <img
      alt={2}
      className="uploaded-images"
      src="https://lh3.googleusercontent.com/CjUvS4WgCiSRTsUUAryiPcczqAdyaSDhDg1ZTT6OrdgjfdNiTE5Q14pwI-C2m49tSjQHMnBxDgpiZyYZkxEDE3KzI3DWLsT631ROrF1zTuJcBqEXcRN8PP5U3EcG-bmMclE_uKmWh2E=w2400"
    />
    <div
      className="Caption"
    >
      <textarea
        className="caption-text"
        id="caption"
        name="caption"
        onChange={[Function]}
        placeholder="Add a caption"
        value="A rainbow over Foster Blvd"
      />
    </div>
  </div>,
]
`;
