// Jest Snapshot v1, https://goo.gl/fbAQLP

exports[`ValidationError component renders UI as expected 1`] = `<Fragment />`;
